336,"Edinburgh-based digital marketing consultancy QueryClick is to embark on an expansion drive following a 2 million investment led by Scottish business angel group Archangels and the Scottish Investment Bank. QueryClick aims to transform how advertisers do their digital marketing through a machine-learning based tool that enables businesses to precisely allocate their investments in different marketing channels. While attribution systems have long been available, QueryClick says that its Corvidae software reveals up to 334% more data for attribution than market-leading competitors thus ensuring a better return on investment.","[{'label': 'location', 'start': 0, 'end': 9, 'text': 'Edinburgh'}, {'label': 'company', 'start': 46, 'end': 56, 'text': 'QueryClick'}, {'label': 'description', 'start': 207, 'end': 630, 'text': 'QueryClick aims to transform how advertisers do their digital marketing through a machine-learning based tool that enables businesses to precisely allocate their investments in different marketing channels. While attribution systems have long been available, QueryClick says that its Corvidae software reveals up to 334% more data for attribution than market-leading competitors thus ensuring a better return on investment.'}, {'label': 'company', 'start': 466, 'end': 476, 'text': 'QueryClick'}]"
563,"UK fintech Zopa has raised 20 million from an internal funding round featuring existing investors. The round was led by IAG Silverstripe, with participation from Augmentum, Alternative Credit Investments, and Venture Founders. It arrives nine months after Zopa gained its full bank licence and launched fixed term savings accounts. Zopa has accrued 250 million in deposits and become a top ten credit card issuer in the UK.","[{'label': 'location', 'start': 0, 'end': 2, 'text': 'UK'}, {'label': 'company', 'start': 11, 'end': 15, 'text': 'Zopa'}, {'label': 'company', 'start': 120, 'end': 136, 'text': 'IAG Silverstripe'}, {'label': 'company', 'start': 162, 'end': 171, 'text': 'Augmentum'}, {'label': 'company', 'start': 173, 'end': 203, 'text': 'Alternative Credit Investments'}, {'label': 'company', 'start': 209, 'end': 225, 'text': 'Venture Founders'}, {'label': 'company', 'start': 256, 'end': 260, 'text': 'Zopa'}, {'label': 'description', 'start': 332, 'end': 423, 'text': 'Zopa has accrued 250 million in deposits and become a top ten credit card issuer in the UK.'}, {'label': 'location', 'start': 420, 'end': 422, 'text': 'UK'}]"
616,"Israeli startup TriEye has raised $74 million to commercialize a type of sensing technology that can be used to help autonomous and driver assistance systems to see better in adverse conditions. The technology uses short-wave infrared (SWIR), which refers to a wavelength range that is outside the visible spectrum. While SWIR sensing is not new, it has mostly been restricted to the aerospace and defense industries due to its high cost. TriEye says it has made engineering breakthroughs that have driven down the cost enough to compete with regular cameras that can be found in a mobile phone or vehicle today, and to outperform other types of sensors on the market.","[{'label': 'company', 'start': 0, 'end': 22, 'text': 'Israeli startup TriEye'}, {'label': 'company', 'start': 16, 'end': 22, 'text': 'TriEye'}, {'label': 'company', 'start': 439, 'end': 445, 'text': 'TriEye'}]"
1214,"Basecamp Research Ltd., a startup that dispatches scientists to Antarctica and other remote corners of the world, has raised $20 million in venture capital to search for proteins in nature that could benefit companies in industries such as healthcare, nutrition and cosmetics. London-based Basecamp sends scientists to hot spots of biodiversity around the world to uncover novel proteins. The company, whose scientists have conducted research in Iceland, the Azores and elsewhere, says it has discovered hundreds of millions of...","[{'label': 'description', 'start': 0, 'end': 112, 'text': 'Basecamp Research Ltd., a startup that dispatches scientists to Antarctica and other remote corners of the world'}, {'label': 'location', 'start': 64, 'end': 74, 'text': 'Antarctica'}, {'label': 'location', 'start': 107, 'end': 112, 'text': 'world'}, {'label': 'location', 'start': 356, 'end': 361, 'text': 'world'}, {'label': 'location', 'start': 446, 'end': 453, 'text': 'Iceland'}, {'label': 'location', 'start': 459, 'end': 465, 'text': 'Azores'}]"
5520,"At Kona were excited to share that weve raised $4M in seed funding to help remote companies stay on top of employee wellbeing. This round was led by Unusual Ventures with participation from Evolutionary Ventures, 2.12 Angels, Tony Jamous, Louis Beryl, David Carrico, James Beshara, former Amazon executive Jeff Wilke, and more (including many of our early customers). Kona coaches managers through every interaction with their team, helping them build EQ and develop habits that put empathy first.Employees with managers that listen to their work-related problems are 62% less likely to be burned out. Today, Kona helps managers do this by creating a safe space for emotional vulnerability and trust. With daily emotional check-ins, they can catch people-related issues in real time and prevent their best people from burning out and leaving. People-first leadership habits are the way to build successful modern-day companiesand the results speak for themselves.","[{'label': 'company', 'start': 3, 'end': 7, 'text': 'Kona'}, {'label': 'description', 'start': 368, 'end': 963, 'text': 'Kona coaches managers through every interaction with their team, helping them build EQ and develop habits that put empathy first.Employees with managers that listen to their work-related problems are 62% less likely to be burned out. Today, Kona helps managers do this by creating a safe space for emotional vulnerability and trust. With daily emotional check-ins, they can catch people-related issues in real time and prevent their best people from burning out and leaving. People-first leadership habits are the way to build successful modern-day companiesand the results speak for themselves.'}, {'label': 'company', 'start': 609, 'end': 613, 'text': 'Kona'}]"
5553,"OKKO Health, a digital eye care company, has received investment from seven Henley Business Angels (HBA) members, contributing towards a total funding round of 900,000. The amount invested by HBA members was 145k, making it the largest amount invested since HBAs establishment in 2016. OKKO Health has created an app that allows patients to self-monitor eye problems between in-person hospital appointments by playing a simple game; the interactions with this game produce data about the users vision and the app is designed to flag up problems early. This promotes prompt treatment, which can save sight. With a severe shortage of eye specialists and patients facing long waiting lists, OKKO Health is addressing the problem of patients sight deteriorating in between appointments and is leading trials in NHS hospitals across the UK.","[{'label': 'company', 'start': 0, 'end': 11, 'text': 'OKKO Health'}, {'label': 'company', 'start': 76, 'end': 98, 'text': 'Henley Business Angels'}, {'label': 'description', 'start': 286, 'end': 835, 'text': 'OKKO Health has created an app that allows patients to self-monitor eye problems between in-person hospital appointments by playing a simple game; the interactions with this game produce data about the users vision and the app is designed to flag up problems early. This promotes prompt treatment, which can save sight. With a severe shortage of eye specialists and patients facing long waiting lists, OKKO Health is addressing the problem of patients sight deteriorating in between appointments and is leading trials in NHS hospitals across the UK.'}, {'label': 'company', 'start': 688, 'end': 699, 'text': 'OKKO Health'}, {'label': 'location', 'start': 832, 'end': 834, 'text': 'UK'}]"
8945,"We are delighted to announce that Molten has led the $10m Series A funding round in Zaptic, the UK-headquartered, frontline operations platform for global manufacturing companies. The investment will be used to continue Zaptics growth, expand into new markets and new verticals, and further develop its no-code platform, which is helping manufacturers bridge the ongoing skills gap and digitise daily operations in a way that closes the data loop and brings in application of AI in factories. Zaptic seeks to address these challenges with speed, ease and content rich adoption enabling insight with the tightest alignment of machine and human data to maximise output by frontline workers. Zaptic delivers that through guided workflow - operator assistance at task level - no code platform that aligns human and machine reference data for context specificity, closing the loop intelligently between human activity and assets, for maximum machine learning insight and adaptation.","[{'label': 'company', 'start': 34, 'end': 40, 'text': 'Molten'}, {'label': 'company', 'start': 84, 'end': 90, 'text': 'Zaptic'}, {'label': 'location', 'start': 96, 'end': 98, 'text': 'UK'}, {'label': 'company', 'start': 220, 'end': 226, 'text': 'Zaptic'}, {'label': 'description', 'start': 493, 'end': 976, 'text': 'Zaptic seeks to address these challenges with speed, ease and content rich adoption enabling insight with the tightest alignment of machine and human data to maximise output by frontline workers. Zaptic delivers that through guided workflow - operator assistance at task level - no code platform that aligns human and machine reference data for context specificity, closing the loop intelligently between human activity and assets, for maximum machine learning insight and adaptation'}, {'label': 'company', 'start': 689, 'end': 695, 'text': 'Zaptic'}]"
10344,"A British technology start-up which enables retailers to transform more of their physical space into points of sale has secured 1.5m to fund its expansion. Sky News understands that Sticky, which counts the burger chain Byron among its clients, has attracted backing from new investors Praetura Ventures and Cornerstone VC. Sticky uses its own operating system with NFC, or near-field communication, technology to enable companies in sectors such as retail, hospitality and health and fitness to process payment transactions in less than 10 seconds.","[{'label': 'location', 'start': 2, 'end': 9, 'text': 'British'}, {'label': 'description', 'start': 182, 'end': 549, 'text': 'Sticky, which counts the burger chain Byron among its clients, has attracted backing from new investors Praetura Ventures and Cornerstone VC. Sticky uses its own operating system with NFC, or near-field communication, technology to enable companies in sectors such as retail, hospitality and health and fitness to process payment transactions in less than 10 seconds.'}, {'label': 'location', 'start': 220, 'end': 225, 'text': 'Byron'}, {'label': 'company', 'start': 286, 'end': 303, 'text': 'Praetura Ventures'}, {'label': 'company', 'start': 308, 'end': 322, 'text': 'Cornerstone VC'}, {'label': 'company', 'start': 324, 'end': 330, 'text': 'Sticky'}]"
10351,"DirectID, one of the leading fintech in Scotland, that specialises in credit risk assessment, risk analytics and predictive modelling, has announced that it has received a minority investment of 9m from Ingka Investments, the investment division of Ingka Group. DirectID's main objective is to promote financial inclusion worldwide through its global credit risk score, by providing advanced data to optimise credit and risk decisions in an increasing number of countries. The company provides risk managers with a real-time dataset that can drive efficiency, improve decisions and lifetime value across the credit lifecycle. DirectID's insights enable decision makers to assess risk better, regardless of age, location, and past credit performance.","[{'label': 'company', 'start': 0, 'end': 8, 'text': 'DirectID'}, {'label': 'location', 'start': 40, 'end': 48, 'text': 'Scotland'}, {'label': 'company', 'start': 203, 'end': 220, 'text': 'Ingka Investments'}, {'label': 'company', 'start': 249, 'end': 260, 'text': 'Ingka Group'}, {'label': 'description', 'start': 262, 'end': 749, 'text': ""DirectID's main objective is to promote financial inclusion worldwide through its global credit risk score, by providing advanced data to optimise credit and risk decisions in an increasing number of countries. The company provides risk managers with a real-time dataset that can drive efficiency, improve decisions and lifetime value across the credit lifecycle. DirectID's insights enable decision makers to assess risk better, regardless of age, location, and past credit performance.""}, {'label': 'company', 'start': 626, 'end': 634, 'text': 'DirectID'}]"
